src/App.tsx(1,8): error TS6133: 'React' is declared but its value is never read.
src/App.tsx(65,63): error TS2339: Property 'is_offer' does not exist on type 'never'.
src/components/AttachmentMenu.tsx(1,1): error TS6133: 'React' is declared but its value is never read.
src/components/BarterOfferDialog.tsx(1,8): error TS6133: 'React' is declared but its value is never read.
src/components/BulkOffers.tsx(1,8): error TS6133: 'React' is declared but its value is never read.
src/components/BulkOffers.tsx(3,19): error TS6133: 'Plus' is declared but its value is never read.
src/components/BulkOffers.tsx(113,17): error TS2769: No overload matches this call.
  Overload 1 of 2, '(values: never, options?: { count?: "exact" | "planned" | "estimated" | undefined; } | undefined): PostgrestFilterBuilder<{ PostgrestVersion: "12"; }, never, never, null, "barter_offers", never, "POST">', gave the following error.
    Argument of type '{ sender_id: string; receiver_id: string; offered_item_id: string; requested_item_id: string; message: string | null; status: string; created_at: string; }[]' is not assignable to parameter of type 'never'.
  Overload 2 of 2, '(values: never[], options?: { count?: "exact" | "planned" | "estimated" | undefined; defaultToNull?: boolean | undefined; } | undefined): PostgrestFilterBuilder<{ PostgrestVersion: "12"; }, never, never, null, "barter_offers", never, "POST">', gave the following error.
    Argument of type '{ sender_id: string; receiver_id: string; offered_item_id: string; requested_item_id: string; message: string | null; status: string; created_at: string; }[]' is not assignable to parameter of type 'never[]'.
      Type '{ sender_id: string; receiver_id: string; offered_item_id: string; requested_item_id: string; message: string | null; status: string; created_at: string; }' is not assignable to type 'never'.
src/components/ChangelogPopup.tsx(54,10): error TS2769: No overload matches this call.
  Overload 1 of 2, '(values: never, options?: { count?: "exact" | "planned" | "estimated" | undefined; } | undefined): PostgrestFilterBuilder<{ PostgrestVersion: "12"; }, never, never, null, "newsletter_subscribers", never, "POST">', gave the following error.
    Argument of type '{ email: string; }[]' is not assignable to parameter of type 'never'.
  Overload 2 of 2, '(values: never[], options?: { count?: "exact" | "planned" | "estimated" | undefined; defaultToNull?: boolean | undefined; } | undefined): PostgrestFilterBuilder<{ PostgrestVersion: "12"; }, never, never, null, "newsletter_subscribers", never, "POST">', gave the following error.
    Type '{ email: string; }' is not assignable to type 'never'.
src/components/ChangelogPopup.tsx(70,12): error TS2769: No overload matches this call.
  Overload 1 of 2, '(values: never, options?: { count?: "exact" | "planned" | "estimated" | undefined; } | undefined): PostgrestFilterBuilder<{ PostgrestVersion: "12"; }, never, never, null, "changelog_dismissals", never, "POST">', gave the following error.
    Argument of type '{ user_id: string; changelog_id: string; }[]' is not assignable to parameter of type 'never'.
  Overload 2 of 2, '(values: never[], options?: { count?: "exact" | "planned" | "estimated" | undefined; defaultToNull?: boolean | undefined; } | undefined): PostgrestFilterBuilder<{ PostgrestVersion: "12"; }, never, never, null, "changelog_dismissals", never, "POST">', gave the following error.
    Type '{ user_id: string; changelog_id: string; }' is not assignable to type 'never'.
src/components/CounterOffers.tsx(1,8): error TS6133: 'React' is declared but its value is never read.
src/components/CounterOffers.tsx(53,33): error TS6133: 'currentUserId' is declared but its value is never read.
src/components/CounterOffers.tsx(124,17): error TS2345: Argument of type '{ status: "accepted" | "declined"; updated_at: string; }' is not assignable to parameter of type 'never'.
src/components/CounterOffers.tsx(139,19): error TS2345: Argument of type '{ status: string; }' is not assignable to parameter of type 'never'.
src/components/DeleteListingDialog.tsx(1,8): error TS6133: 'React' is declared but its value is never read.
src/components/DeleteListingDialog.tsx(22,21): error TS6133: 'item' is declared but its value is never read.
src/components/EditListingDialog.tsx(288,17): error TS2345: Argument of type '{ title: string; description: string; images: string[]; condition: "new" | "like-new" | "good" | "fair" | "poor"; category: string; location: string; latitude: number; longitude: number; }' is not assignable to parameter of type 'never'.
src/components/EditListingDialog.tsx(402,61): error TS2322: Type 'string' is not assignable to type '"new" | "like-new" | "good" | "fair" | "poor"'.
src/components/FileAttachment.tsx(23,9): error TS6133: 'getFileIcon' is declared but its value is never read.
src/components/FileViewer.tsx(1,8): error TS6133: 'React' is declared but its value is never read.
src/components/FileViewer.tsx(103,9): error TS6133: 'isText' is declared but its value is never read.
src/components/Footer.tsx(30,10): error TS2769: No overload matches this call.
  Overload 1 of 2, '(values: never, options?: { count?: "exact" | "planned" | "estimated" | undefined; } | undefined): PostgrestFilterBuilder<{ PostgrestVersion: "12"; }, never, never, null, "newsletter_subscribers", never, "POST">', gave the following error.
    Argument of type '{ email: string; }[]' is not assignable to parameter of type 'never'.
  Overload 2 of 2, '(values: never[], options?: { count?: "exact" | "planned" | "estimated" | undefined; defaultToNull?: boolean | undefined; } | undefined): PostgrestFilterBuilder<{ PostgrestVersion: "12"; }, never, never, null, "newsletter_subscribers", never, "POST">', gave the following error.
    Type '{ email: string; }' is not assignable to type 'never'.
src/components/FriendMessageDialog.tsx(92,19): error TS2345: Argument of type '{ read: boolean; read_at: string; }' is not assignable to parameter of type 'never'.
src/components/FriendMessageDialog.tsx(145,57): error TS2339: Property 'id' does not exist on type 'never'.
src/components/FriendMessageDialog.tsx(150,31): error TS2339: Property 'sender_id' does not exist on type 'never'.
src/components/FriendMessageDialog.tsx(153,27): error TS2345: Argument of type '{ read: boolean; read_at: string; }' is not assignable to parameter of type 'never'.
src/components/FriendMessageDialog.tsx(154,41): error TS2339: Property 'id' does not exist on type 'never'.
src/components/FriendMessageDialog.tsx(239,10): error TS2769: No overload matches this call.
  Overload 1 of 2, '(values: never, options?: { count?: "exact" | "planned" | "estimated" | undefined; } | undefined): PostgrestFilterBuilder<{ PostgrestVersion: "12"; }, never, never, null, "messages", never, "POST">', gave the following error.
    Argument of type '{ content: string; image_url: string; sender_id: string; receiver_id: string; item_id: null; read: boolean; is_offer: boolean; archived: boolean; }[]' is not assignable to parameter of type 'never'.
  Overload 2 of 2, '(values: never[], options?: { count?: "exact" | "planned" | "estimated" | undefined; defaultToNull?: boolean | undefined; } | undefined): PostgrestFilterBuilder<{ PostgrestVersion: "12"; }, never, never, null, "messages", never, "POST">', gave the following error.
    Type '{ content: string; image_url: string; sender_id: string; receiver_id: string; item_id: null; read: false; is_offer: false; archived: false; }' is not assignable to type 'never'.
src/components/FriendMessageDialog.tsx(310,10): error TS2769: No overload matches this call.
  Overload 1 of 2, '(values: never, options?: { count?: "exact" | "planned" | "estimated" | undefined; } | undefined): PostgrestFilterBuilder<{ PostgrestVersion: "12"; }, never, never, null, "messages", never, "POST">', gave the following error.
    Argument of type '{ content: string; sender_id: string; receiver_id: string; item_id: null; read: boolean; is_offer: boolean; archived: boolean; }[]' is not assignable to parameter of type 'never'.
  Overload 2 of 2, '(values: never[], options?: { count?: "exact" | "planned" | "estimated" | undefined; defaultToNull?: boolean | undefined; } | undefined): PostgrestFilterBuilder<{ PostgrestVersion: "12"; }, never, never, null, "messages", never, "POST">', gave the following error.
    Type '{ content: string; sender_id: string; receiver_id: string; item_id: null; read: false; is_offer: false; archived: false; }' is not assignable to type 'never'.
src/components/FriendMessageDialog.tsx(349,10): error TS2769: No overload matches this call.
  Overload 1 of 2, '(values: never, options?: { count?: "exact" | "planned" | "estimated" | undefined; } | undefined): PostgrestFilterBuilder<{ PostgrestVersion: "12"; }, never, never, null, "messages", never, "POST">', gave the following error.
    Argument of type '{ content: string; file_url: string; file_name: string; file_type: string; sender_id: string; receiver_id: string; item_id: null; read: boolean; is_offer: boolean; archived: boolean; }[]' is not assignable to parameter of type 'never'.
  Overload 2 of 2, '(values: never[], options?: { count?: "exact" | "planned" | "estimated" | undefined; defaultToNull?: boolean | undefined; } | undefined): PostgrestFilterBuilder<{ PostgrestVersion: "12"; }, never, never, null, "messages", never, "POST">', gave the following error.
    Type '{ content: string; file_url: string; file_name: string; file_type: string; sender_id: string; receiver_id: string; item_id: null; read: false; is_offer: false; archived: false; }' is not assignable to type 'never'.
src/components/FriendMessageDialog.tsx(404,10): error TS2769: No overload matches this call.
  Overload 1 of 2, '(values: never, options?: { count?: "exact" | "planned" | "estimated" | undefined; } | undefined): PostgrestFilterBuilder<{ PostgrestVersion: "12"; }, never, never, null, "messages", never, "POST">', gave the following error.
    Argument of type '{ content: string; file_url: string; file_name: string; file_type: string; sender_id: string; receiver_id: string; item_id: null; read: boolean; is_offer: boolean; archived: boolean; }[]' is not assignable to parameter of type 'never'.
  Overload 2 of 2, '(values: never[], options?: { count?: "exact" | "planned" | "estimated" | undefined; defaultToNull?: boolean | undefined; } | undefined): PostgrestFilterBuilder<{ PostgrestVersion: "12"; }, never, never, null, "messages", never, "POST">', gave the following error.
    Type '{ content: string; file_url: string; file_name: string; file_type: string; sender_id: string; receiver_id: string; item_id: null; read: false; is_offer: false; archived: false; }' is not assignable to type 'never'.
src/components/ImageUpload.tsx(40,37): error TS6133: 'data' is declared but its value is never read.
src/components/ImageViewer.tsx(1,8): error TS6133: 'React' is declared but its value is never read.
src/components/ItemCard.tsx(3,10): error TS6133: 'MapPin' is declared but its value is never read.
src/components/ItemCard.tsx(24,3): error TS6133: 'location' is declared but its value is never read.
src/components/LocationSearch.tsx(55,10): error TS6133: 'retryCount' is declared but its value is never read.
src/components/LocationSearch.tsx(217,18): error TS7006: Parameter 'result' implicitly has an 'any' type.
src/components/LocationSearch.tsx(218,16): error TS7006: Parameter 'a' implicitly has an 'any' type.
src/components/LocationSearch.tsx(218,19): error TS7006: Parameter 'b' implicitly has an 'any' type.
src/components/Map.tsx(3,1): error TS6133: 'OpenStreetMapProvider' is declared but its value is never read.
src/components/Map.tsx(106,75): error TS6133: 'onMarkerDrag' is declared but its value is never read.
src/components/MessageContextMenu.tsx(1,8): error TS6133: 'React' is declared but its value is never read.
src/components/MessageDrafts.tsx(1,8): error TS6133: 'React' is declared but its value is never read.
src/components/MessageDrafts.tsx(62,9): error TS6133: 'saveDraft' is declared but its value is never read.
src/components/MessageReactions.tsx(72,12): error TS2769: No overload matches this call.
  Overload 1 of 2, '(values: never, options?: { count?: "exact" | "planned" | "estimated" | undefined; } | undefined): PostgrestFilterBuilder<{ PostgrestVersion: "12"; }, never, never, null, "message_reactions", never, "POST">', gave the following error.
    Argument of type '{ message_id: string; user_id: string; emoji: string; }' is not assignable to parameter of type 'never'.
  Overload 2 of 2, '(values: never[], options?: { count?: "exact" | "planned" | "estimated" | undefined; defaultToNull?: boolean | undefined; } | undefined): PostgrestFilterBuilder<{ PostgrestVersion: "12"; }, never, never, null, "message_reactions", never, "POST">', gave the following error.
    Object literal may only specify known properties, and 'message_id' does not exist in type 'never[]'.
src/components/MessageSearch.tsx(1,27): error TS6133: 'useEffect' is declared but its value is never read.
src/components/MessageSearch.tsx(2,36): error TS6133: 'Calendar' is declared but its value is never read.
src/components/MessageSearch.tsx(2,46): error TS6133: 'User' is declared but its value is never read.
src/components/Navbar.tsx(1,8): error TS6133: 'React' is declared but its value is never read.
src/components/Navbar.tsx(4,1): error TS6133: 'supabase' is declared but its value is never read.
src/components/Navbar.tsx(15,32): error TS6133: 'unreadOffers' is declared but its value is never read.
src/components/Navbar.tsx(20,9): error TS6133: 'location' is declared but its value is never read.
src/components/NotificationBell.tsx(1,8): error TS6133: 'React' is declared but its value is never read.
src/components/NotificationDropdown.tsx(1,8): error TS6133: 'React' is declared but its value is never read.
src/components/NotificationDropdown.tsx(80,19): error TS2345: Argument of type '{ read: boolean; }' is not assignable to parameter of type 'never'.
src/components/NotificationDropdown.tsx(123,17): error TS2345: Argument of type '{ read: boolean; }' is not assignable to parameter of type 'never'.
src/components/NotificationSettings.tsx(1,8): error TS6133: 'React' is declared but its value is never read.
src/components/NotificationSettings.tsx(2,80): error TS6133: 'Globe' is declared but its value is never read.
src/components/NotificationSettings.tsx(159,10): error TS2769: No overload matches this call.
  Overload 1 of 2, '(values: never, options?: { onConflict?: string | undefined; ignoreDuplicates?: boolean | undefined; count?: "exact" | "planned" | "estimated" | undefined; } | undefined): PostgrestFilterBuilder<{ ...; }, ... 5 more ..., "POST">', gave the following error.
    Argument of type '{ user_id: string; updated_at: string; id?: string; enabled: boolean; delivery_methods: { email: boolean; push: boolean; in_app: boolean; }; frequency: "real-time" | "daily" | "weekly"; quiet_hours: { enabled: boolean; start_time: string; end_time: string; timezone: string; }; categories: { system_alerts: { enabled:...' is not assignable to parameter of type 'never'.
  Overload 2 of 2, '(values: never[], options?: { onConflict?: string | undefined; ignoreDuplicates?: boolean | undefined; count?: "exact" | "planned" | "estimated" | undefined; defaultToNull?: boolean | undefined; } | undefined): PostgrestFilterBuilder<...>', gave the following error.
    Object literal may only specify known properties, and 'user_id' does not exist in type 'never[]'.
src/components/NotificationSettings.tsx(217,10): error TS2769: No overload matches this call.
  Overload 1 of 2, '(values: never, options?: { count?: "exact" | "planned" | "estimated" | undefined; } | undefined): PostgrestFilterBuilder<{ PostgrestVersion: "12"; }, never, never, null, "notifications", never, "POST">', gave the following error.
    Argument of type '{ user_id: string | undefined; type: string; content: string; read: boolean; }[]' is not assignable to parameter of type 'never'.
  Overload 2 of 2, '(values: never[], options?: { count?: "exact" | "planned" | "estimated" | undefined; defaultToNull?: boolean | undefined; } | undefined): PostgrestFilterBuilder<{ PostgrestVersion: "12"; }, never, never, null, "notifications", never, "POST">', gave the following error.
    Type '{ user_id: string | undefined; type: string; content: string; read: false; }' is not assignable to type 'never'.
src/components/NotificationSettings.tsx(236,17): error TS2339: Property 'supportedValuesOf' does not exist on type 'typeof Intl'.
src/components/NotificationSettings.tsx(483,48): error TS7006: Parameter 'tz' implicitly has an 'any' type.
src/components/OfferTemplates.tsx(1,8): error TS6133: 'React' is declared but its value is never read.
src/components/OfferTemplates.tsx(65,10): error TS2769: No overload matches this call.
  Overload 1 of 2, '(values: never, options?: { count?: "exact" | "planned" | "estimated" | undefined; } | undefined): PostgrestFilterBuilder<{ PostgrestVersion: "12"; }, never, never, null, "offer_templates", never, "POST">', gave the following error.
    Argument of type '{ user_id: string; title: string; content: string; }[]' is not assignable to parameter of type 'never'.
  Overload 2 of 2, '(values: never[], options?: { count?: "exact" | "planned" | "estimated" | undefined; defaultToNull?: boolean | undefined; } | undefined): PostgrestFilterBuilder<{ PostgrestVersion: "12"; }, never, never, null, "offer_templates", never, "POST">', gave the following error.
    Type '{ user_id: string; title: string; content: string; }' is not assignable to type 'never'.
src/components/OfferTemplates.tsx(93,17): error TS2345: Argument of type '{ title: string; content: string; }' is not assignable to parameter of type 'never'.
src/components/OfferTemplates.tsx(137,9): error TS6133: 'duplicateTemplate' is declared but its value is never read.
src/components/OfferTemplates.tsx(142,10): error TS2769: No overload matches this call.
  Overload 1 of 2, '(values: never, options?: { count?: "exact" | "planned" | "estimated" | undefined; } | undefined): PostgrestFilterBuilder<{ PostgrestVersion: "12"; }, never, never, null, "offer_templates", never, "POST">', gave the following error.
    Argument of type '{ user_id: string; title: string; content: string; }[]' is not assignable to parameter of type 'never'.
  Overload 2 of 2, '(values: never[], options?: { count?: "exact" | "planned" | "estimated" | undefined; defaultToNull?: boolean | undefined; } | undefined): PostgrestFilterBuilder<{ PostgrestVersion: "12"; }, never, never, null, "offer_templates", never, "POST">', gave the following error.
    Type '{ user_id: string; title: string; content: string; }' is not assignable to type 'never'.
src/components/PolicyModal.tsx(1,8): error TS6133: 'React' is declared but its value is never read.
src/components/ProfileSetup.tsx(305,19): error TS2345: Argument of type 'Record<string, any>' is not assignable to parameter of type 'never'.
src/components/ProfileSetup.tsx(306,21): error TS2345: Argument of type 'string | undefined' is not assignable to parameter of type '{}'.
  Type 'undefined' is not assignable to type '{}'.
src/components/ReadReceipt.tsx(1,1): error TS6133: 'React' is declared but its value is never read.
src/components/ReadReceipt.tsx(2,29): error TS6133: 'Clock' is declared but its value is never read.
src/components/ShareDialog.tsx(1,8): error TS6133: 'React' is declared but its value is never read.
src/components/ShareDialog.tsx(2,13): error TS6133: 'Link2' is declared but its value is never read.
src/components/StatusUpdateDialog.tsx(1,1): error TS6133: 'React' is declared but its value is never read.
src/components/SwipeToReply.tsx(1,35): error TS6133: 'useEffect' is declared but its value is never read.
src/components/UserShareDialog.tsx(1,8): error TS6133: 'React' is declared but its value is never read.
src/components/UserShareDialog.tsx(2,13): error TS6133: 'Link2' is declared but its value is never read.
src/components/UserShareDialog.tsx(14,9): error TS6133: 'encodedName' is declared but its value is never read.
src/components/VoiceMessage.tsx(1,8): error TS6133: 'React' is declared but its value is never read.
src/components/VoiceMessage.tsx(2,15): error TS6133: 'MicOff' is declared but its value is never read.
src/components/VoiceMessagePlayer.tsx(11,21): error TS6133: 'setIsPlaying' is declared but its value is never read.
src/components/WatchButton.tsx(24,23): error TS6133: 'error' is declared but its value is never read.
src/components/WatchButton.tsx(64,12): error TS2769: No overload matches this call.
  Overload 1 of 2, '(values: never, options?: { count?: "exact" | "planned" | "estimated" | undefined; } | undefined): PostgrestFilterBuilder<{ PostgrestVersion: "12"; }, never, never, null, "watched_items", never, "POST">', gave the following error.
    Argument of type '{ user_id: string; item_id: string; }[]' is not assignable to parameter of type 'never'.
  Overload 2 of 2, '(values: never[], options?: { count?: "exact" | "planned" | "estimated" | undefined; defaultToNull?: boolean | undefined; } | undefined): PostgrestFilterBuilder<{ PostgrestVersion: "12"; }, never, never, null, "watched_items", never, "POST">', gave the following error.
    Type '{ user_id: string; item_id: string; }' is not assignable to type 'never'.
src/components/WatchedItems.tsx(1,8): error TS6133: 'React' is declared but its value is never read.
src/components/WatchedItems.tsx(31,27): error TS2339: Property 'items' does not exist on type 'never'.
src/hooks/useAuth.ts(34,37): error TS2367: This comparison appears to be unintentional because the types '"INITIAL_SESSION" | "PASSWORD_RECOVERY" | "SIGNED_IN" | "TOKEN_REFRESHED" | "USER_UPDATED" | "MFA_CHALLENGE_VERIFIED"' and '"USER_DELETED"' have no overlap.
src/hooks/useBlockStatus.ts(48,52): error TS2339: Property 'blocker_id' does not exist on type 'never'.
src/hooks/useBlockStatus.ts(49,55): error TS2339: Property 'blocker_id' does not exist on type 'never'.
src/hooks/useBlockStatus.ts(54,34): error TS2339: Property 'id' does not exist on type 'never'.
src/hooks/useBlockStatus.ts(55,40): error TS2339: Property 'id' does not exist on type 'never'.
src/lib/blocks.ts(34,6): error TS2769: No overload matches this call.
  Overload 1 of 2, '(values: never, options?: { count?: "exact" | "planned" | "estimated" | undefined; } | undefined): PostgrestFilterBuilder<{ PostgrestVersion: "12"; }, never, never, null, "blocked_users", never, "POST">', gave the following error.
    Argument of type '{ blocker_id: string; blocked_id: string; }[]' is not assignable to parameter of type 'never'.
  Overload 2 of 2, '(values: never[], options?: { count?: "exact" | "planned" | "estimated" | undefined; defaultToNull?: boolean | undefined; } | undefined): PostgrestFilterBuilder<{ PostgrestVersion: "12"; }, never, never, null, "blocked_users", never, "POST">', gave the following error.
    Type '{ blocker_id: string; blocked_id: string; }' is not assignable to type 'never'.
src/lib/friends.ts(2,10): error TS6133: 'FriendRequest' is declared but its value is never read.
src/lib/friends.ts(2,25): error TS6133: 'Friendship' is declared but its value is never read.
src/lib/friends.ts(18,8): error TS2769: No overload matches this call.
  Overload 1 of 2, '(values: never, options?: { count?: "exact" | "planned" | "estimated" | undefined; } | undefined): PostgrestFilterBuilder<{ PostgrestVersion: "12"; }, never, never, null, "friend_requests", never, "POST">', gave the following error.
    Argument of type '{ sender_id: string; receiver_id: string; status: string; }[]' is not assignable to parameter of type 'never'.
  Overload 2 of 2, '(values: never[], options?: { count?: "exact" | "planned" | "estimated" | undefined; defaultToNull?: boolean | undefined; } | undefined): PostgrestFilterBuilder<{ PostgrestVersion: "12"; }, never, never, null, "friend_requests", never, "POST">', gave the following error.
    Type '{ sender_id: string; receiver_id: string; status: string; }' is not assignable to type 'never'.
src/lib/friends.ts(53,15): error TS2345: Argument of type '{ status: string; }' is not assignable to parameter of type 'never'.
src/lib/friends.ts(60,33): error TS2339: Property 'sender_id' does not exist on type 'never'.
src/lib/friends.ts(60,57): error TS2339: Property 'receiver_id' does not exist on type 'never'.
src/lib/friends.ts(60,83): error TS2339: Property 'sender_id' does not exist on type 'never'.
src/lib/friends.ts(60,107): error TS2339: Property 'receiver_id' does not exist on type 'never'.
src/lib/friends.ts(61,33): error TS2339: Property 'sender_id' does not exist on type 'never'.
src/lib/friends.ts(61,57): error TS2339: Property 'receiver_id' does not exist on type 'never'.
src/lib/friends.ts(61,83): error TS2339: Property 'receiver_id' does not exist on type 'never'.
src/lib/friends.ts(61,109): error TS2339: Property 'sender_id' does not exist on type 'never'.
src/lib/friends.ts(65,8): error TS2769: No overload matches this call.
  Overload 1 of 2, '(values: never, options?: { count?: "exact" | "planned" | "estimated" | undefined; } | undefined): PostgrestFilterBuilder<{ PostgrestVersion: "12"; }, never, never, null, "friendships", never, "POST">', gave the following error.
    Argument of type '{ user1_id: any; user2_id: any; }[]' is not assignable to parameter of type 'never'.
  Overload 2 of 2, '(values: never[], options?: { count?: "exact" | "planned" | "estimated" | undefined; defaultToNull?: boolean | undefined; } | undefined): PostgrestFilterBuilder<{ PostgrestVersion: "12"; }, never, never, null, "friendships", never, "POST">', gave the following error.
    Type '{ user1_id: any; user2_id: any; }' is not assignable to type 'never'.
src/lib/friends.ts(82,50): error TS2339: Property 'sender_id' does not exist on type 'never'.
src/lib/friends.ts(86,37): error TS2339: Property 'receiver_id' does not exist on type 'never'.
src/lib/friends.ts(108,15): error TS2345: Argument of type '{ status: string; }' is not assignable to parameter of type 'never'.
src/lib/friends.ts(249,7): error TS2698: Spread types may only be created from object types.
src/lib/friends.ts(250,26): error TS2339: Property 'user1_id' does not exist on type 'never'.
src/lib/friends.ts(250,59): error TS2339: Property 'user2' does not exist on type 'never'.
src/lib/friends.ts(250,78): error TS2339: Property 'user1' does not exist on type 'never'.
src/lib/moderator.ts(131,13): error TS2345: Argument of type 'any' is not assignable to parameter of type 'never'.
src/lib/moderatorActions.ts(106,24): error TS2339: Property 'target_type' does not exist on type 'never'.
src/lib/moderatorActions.ts(107,22): error TS2339: Property 'target_id' does not exist on type 'never'.
src/pages/About.tsx(1,8): error TS6133: 'React' is declared but its value is never read.
src/pages/About.tsx(3,1): error TS6192: All imports in import declaration are unused.
src/pages/ConfirmEmail.tsx(1,8): error TS6133: 'React' is declared but its value is never read.
src/pages/ConfirmEmail.tsx(11,10): error TS6133: 'success' is declared but its value is never read.
src/pages/Home.tsx(123,47): error TS2339: Property 'id' does not exist on type 'never'.
src/pages/Home.tsx(273,16): error TS7006: Parameter 'prev' implicitly has an 'any' type.
src/pages/Home.tsx(277,16): error TS7006: Parameter 'prev' implicitly has an 'any' type.
src/pages/Home.tsx(281,16): error TS7006: Parameter 'prev' implicitly has an 'any' type.
src/pages/Home.tsx(385,45): error TS7006: Parameter 'prev' implicitly has an 'any' type.
src/pages/Home.tsx(403,45): error TS7006: Parameter 'prev' implicitly has an 'any' type.
src/pages/Home.tsx(416,13): error TS2322: Type '{ onLocationChange: (lat: number, lng: number) => void; onRadiusChange: (radius: number) => void; onLocationSelect: (location: any) => void; selectedLocation: { latitude: any; longitude: any; } | undefined; items: Item[]; }' is not assignable to type 'IntrinsicAttributes & MapProps'.
  Property 'onLocationChange' does not exist on type 'IntrinsicAttributes & MapProps'.
src/pages/ItemDetails.tsx(85,38): error TS2339: Property 'user_id' does not exist on type 'never'.
src/pages/ItemDetails.tsx(86,31): error TS2339: Property 'user_id' does not exist on type 'never'.
src/pages/ItemDetails.tsx(135,17): error TS2345: Argument of type '{ status: string; }' is not assignable to parameter of type 'never'.
src/pages/ItemDetails.tsx(238,39): error TS2769: No overload matches this call.
  Overload 1 of 2, '(values: never, options?: { count?: "exact" | "planned" | "estimated" | undefined; } | undefined): PostgrestFilterBuilder<{ PostgrestVersion: "12"; }, never, never, null, "messages", never, "POST">', gave the following error.
    Argument of type '{ content: string; item_id: string; sender_id: string; receiver_id: string; offer_item_id: string; read: boolean; is_offer: boolean; }[]' is not assignable to parameter of type 'never'.
  Overload 2 of 2, '(values: never[], options?: { count?: "exact" | "planned" | "estimated" | undefined; defaultToNull?: boolean | undefined; } | undefined): PostgrestFilterBuilder<{ PostgrestVersion: "12"; }, never, never, null, "messages", never, "POST">', gave the following error.
    Type '{ content: string; item_id: string; sender_id: string; receiver_id: string; offer_item_id: string; read: false; is_offer: true; }' is not assignable to type 'never'.
src/pages/ItemDetails.tsx(240,56): error TS2339: Property 'title' does not exist on type 'never'.
src/pages/Messages.tsx(223,23): error TS2339: Property 'receiver_id' does not exist on type 'never'.
src/pages/Messages.tsx(223,59): error TS2339: Property 'read' does not exist on type 'never'.
src/pages/Messages.tsx(225,25): error TS2339: Property 'is_offer' does not exist on type 'never'.
src/pages/Messages.tsx(231,39): error TS2339: Property 'sender_id' does not exist on type 'never'.
src/pages/Messages.tsx(231,71): error TS2339: Property 'receiver_id' does not exist on type 'never'.
src/pages/Messages.tsx(231,93): error TS2339: Property 'sender_id' does not exist on type 'never'.
src/pages/Messages.tsx(240,23): error TS2339: Property 'receiver_id' does not exist on type 'never'.
src/pages/Messages.tsx(240,59): error TS2339: Property 'read' does not exist on type 'never'.
src/pages/Messages.tsx(248,43): error TS2339: Property 'sender_id' does not exist on type 'never'.
src/pages/Messages.tsx(249,25): error TS2339: Property 'sender' does not exist on type 'never'.
src/pages/Messages.tsx(250,25): error TS2339: Property 'receiver' does not exist on type 'never'.
src/pages/Messages.tsx(255,44): error TS2339: Property 'sender_id' does not exist on type 'never'.
src/pages/Messages.tsx(255,72): error TS2339: Property 'receiver_id' does not exist on type 'never'.
src/pages/Messages.tsx(255,90): error TS2339: Property 'sender_id' does not exist on type 'never'.
src/pages/Messages.tsx(256,62): error TS2339: Property 'offer_item_id' does not exist on type 'never'.
src/pages/Messages.tsx(263,44): error TS2339: Property 'sender_id' does not exist on type 'never'.
src/pages/Messages.tsx(263,72): error TS2339: Property 'receiver_id' does not exist on type 'never'.
src/pages/Messages.tsx(263,90): error TS2339: Property 'sender_id' does not exist on type 'never'.
src/pages/Messages.tsx(264,62): error TS2339: Property 'items' does not exist on type 'never'.
src/pages/Messages.tsx(266,42): error TS2339: Property 'created_at' does not exist on type 'never'.
src/pages/Messages.tsx(266,77): error TS2339: Property 'created_at' does not exist on type 'never'.
src/pages/Messages.tsx(274,53): error TS2339: Property 'items' does not exist on type 'never'.
src/pages/Messages.tsx(275,53): error TS2339: Property 'items' does not exist on type 'never'.
src/pages/Messages.tsx(279,37): error TS2339: Property 'content' does not exist on type 'never'.
src/pages/Messages.tsx(280,42): error TS2339: Property 'created_at' does not exist on type 'never'.
src/pages/Messages.tsx(282,38): error TS2339: Property 'offer_item_id' does not exist on type 'never'.
src/pages/Messages.tsx(283,41): error TS2339: Property 'offer_item' does not exist on type 'never'.
src/pages/Messages.tsx(284,41): error TS2339: Property 'offer_item' does not exist on type 'never'.
src/pages/Messages.tsx(286,33): error TS2339: Property 'archived' does not exist on type 'never'.
src/pages/Messages.tsx(291,34): error TS2339: Property 'created_at' does not exist on type 'never'.
src/pages/Messages.tsx(292,47): error TS2339: Property 'content' does not exist on type 'never'.
src/pages/Messages.tsx(293,52): error TS2339: Property 'created_at' does not exist on type 'never'.
src/pages/Messages.tsx(296,27): error TS2339: Property 'items' does not exist on type 'never'.
src/pages/Messages.tsx(297,54): error TS2339: Property 'items' does not exist on type 'never'.
src/pages/Messages.tsx(298,54): error TS2339: Property 'items' does not exist on type 'never'.
src/pages/Messages.tsx(397,17): error TS2345: Argument of type '{ archived: boolean; }' is not assignable to parameter of type 'never'.
src/pages/NewListing.tsx(240,10): error TS2769: No overload matches this call.
  Overload 1 of 2, '(values: never, options?: { count?: "exact" | "planned" | "estimated" | undefined; } | undefined): PostgrestFilterBuilder<{ PostgrestVersion: "12"; }, never, never, null, "items", never, "POST">', gave the following error.
    Argument of type '{ title: string; description: string; images: string[]; condition: string; category: string; user_id: string; location: string; latitude: number; longitude: number; type: "free" | "barter"; status: string; }[]' is not assignable to parameter of type 'never'.
  Overload 2 of 2, '(values: never[], options?: { count?: "exact" | "planned" | "estimated" | undefined; defaultToNull?: boolean | undefined; } | undefined): PostgrestFilterBuilder<{ PostgrestVersion: "12"; }, never, never, null, "items", never, "POST">', gave the following error.
    Type '{ title: string; description: string; images: string[]; condition: string; category: string; user_id: string; location: string; latitude: number; longitude: number; type: "free" | "barter"; status: string; }' is not assignable to type 'never'.
src/pages/NewListing.tsx(261,29): error TS2339: Property 'id' does not exist on type 'never'.
src/pages/NewListing.tsx(277,19): error TS6133: 'friendId' is declared but its value is never read.
src/pages/NewListing.tsx(277,41): error TS2339: Property 'user1_id' does not exist on type 'never'.
src/pages/NewListing.tsx(277,75): error TS2339: Property 'user2_id' does not exist on type 'never'.
src/pages/NewListing.tsx(277,97): error TS2339: Property 'user1_id' does not exist on type 'never'.
src/pages/Notifications.tsx(1,8): error TS6133: 'React' is declared but its value is never read.
src/pages/Notifications.tsx(88,19): error TS2345: Argument of type '{ read: boolean; }' is not assignable to parameter of type 'never'.
src/pages/Notifications.tsx(128,17): error TS2345: Argument of type '{ read: boolean; }' is not assignable to parameter of type 'never'.
src/pages/Privacy.tsx(1,1): error TS6133: 'React' is declared but its value is never read.
src/pages/Profile.tsx(78,26): error TS2339: Property 'profile_completed' does not exist on type 'never'.
src/pages/ProfileSetup.tsx(4,32): error TS2307: Cannot find module './LocationSearch' or its corresponding type declarations.
src/pages/ProfileSetup.tsx(5,21): error TS2307: Cannot find module './Map' or its corresponding type declarations.
src/pages/ProfileSetup.tsx(38,10): error TS6133: 'searchRadius' is declared but its value is never read.
src/pages/ProfileSetup.tsx(119,19): error TS2345: Argument of type 'Record<string, any>' is not assignable to parameter of type 'never'.
src/pages/ProfileSetup.tsx(120,21): error TS2345: Argument of type 'string | undefined' is not assignable to parameter of type '{}'.
  Type 'undefined' is not assignable to type '{}'.
src/pages/ResetPassword.tsx(51,19): error TS6133: 'data' is declared but its value is never read.
src/pages/ResetPassword.tsx(51,55): error TS2339: Property 'getSessionFromUrl' does not exist on type 'SupabaseAuthClient'.
src/pages/ResetPassword.tsx(73,9): error TS2554: Expected 1 arguments, but got 0.
src/pages/UserProfile.tsx(152,41): error TS2339: Property 'id' does not exist on type 'never'.
src/pages/UserProfile.tsx(202,58): error TS2339: Property 'id' does not exist on type 'never'.
src/pages/WatchedItemsPage.tsx(1,1): error TS6133: 'React' is declared but its value is never read.
src/types.ts(1,1): error TS6133: 'Database' is declared but its value is never read.
